/Users/smithkwon/Library/Python/3.9/lib/python/site-packages/urllib3/__init__.py:35: NotOpenSSLWarning: urllib3 v2 only supports OpenSSL 1.1.1+, currently the 'ssl' module is compiled with 'LibreSSL 2.8.3'. See: https://github.com/urllib3/urllib3/issues/3020
  warnings.warn(
/Users/smithkwon/Library/Python/3.9/lib/python/site-packages/urllib3/__init__.py:35: NotOpenSSLWarning: urllib3 v2 only supports OpenSSL 1.1.1+, currently the 'ssl' module is compiled with 'LibreSSL 2.8.3'. See: https://github.com/urllib3/urllib3/issues/3020
  warnings.warn(
--- 201910 데이터 수집 시작 ---
[종로구] 81건 저장 완료
[중구] 158건 저장 완료
[용산구] 215건 저장 완료
[성동구] 551건 저장 완료
[광진구] 298건 저장 완료
[동대문구] 379건 저장 완료
[중랑구] 325건 저장 완료
[성북구] 609건 저장 완료
[강북구] 205건 저장 완료
[도봉구] 418건 저장 완료
[노원구] 1127건 저장 완료
[은평구] 346건 저장 완료
[서대문구] 376건 저장 완료
[마포구] 425건 저장 완료
[양천구] 592건 저장 완료
[강서구] 589건 저장 완료
[구로구] 540건 저장 완료
[금천구] 245건 저장 완료
[영등포구] 453건 저장 완료
[동작구] 425건 저장 완료
[관악구] 333건 저장 완료
[서초구] 484건 저장 완료
[강남구] 699건 저장 완료
[송파구] 941건 저장 완료
[강동구] 718건 저장 완료
[분당구] 1017건 저장 완료
--- 201911 데이터 수집 시작 ---
[종로구] 88건 저장 완료
[중구] 163건 저장 완료
[용산구] 219건 저장 완료
[성동구] 529건 저장 완료
[광진구] 225건 저장 완료
[동대문구] 457건 저장 완료
[중랑구] 267건 저장 완료
[성북구] 618건 저장 완료
[강북구] 191건 저장 완료
[도봉구] 431건 저장 완료
[노원구] 1118건 저장 완료
[은평구] 382건 저장 완료
[서대문구] 415건 저장 완료
[마포구] 539건 저장 완료
[양천구] 700건 저장 완료
[강서구] 579건 저장 완료
[구로구] 575건 저장 완료
[금천구] 195건 저장 완료
[영등포구] 459건 저장 완료
[동작구] 521건 저장 완료
[관악구] 401건 저장 완료
[서초구] 443건 저장 완료
[강남구] 537건 저장 완료
[송파구] 802건 저장 완료
[강동구] 645건 저장 완료
[분당구] 1198건 저장 완료
--- 201912 데이터 수집 시작 ---
[종로구] 84건 저장 완료
[중구] 172건 저장 완료
[용산구] 167건 저장 완료
[성동구] 425건 저장 완료
[광진구] 132건 저장 완료
[동대문구] 441건 저장 완료
[중랑구] 430건 저장 완료
[성북구] 633건 저장 완료
[강북구] 247건 저장 완료
[도봉구] 441건 저장 완료
[노원구] 1039건 저장 완료
[은평구] 340건 저장 완료
[서대문구] 338건 저장 완료
[마포구] 378건 저장 완료
[양천구] 372건 저장 완료
[강서구] 663건 저장 완료
[구로구] 510건 저장 완료
[금천구] 133건 저장 완료
[영등포구] 434건 저장 완료
[동작구] 311건 저장 완료
[관악구] 283건 저장 완료
[서초구] 325건 저장 완료
[강남구] 376건 저장 완료
[송파구] 468건 저장 완료
[강동구] 497건 저장 완료
[분당구] 805건 저장 완료
--- 202001 데이터 수집 시작 ---
[종로구] 65건 저장 완료
[중구] 84건 저장 완료
[용산구] 103건 저장 완료
[성동구] 206건 저장 완료
[광진구] 63건 저장 완료
[동대문구] 286건 저장 완료
[중랑구] 237건 저장 완료
[성북구] 449건 저장 완료
[강북구] 313건 저장 완료
[도봉구] 367건 저장 완료
[노원구] 815건 저장 완료
[은평구] 313건 저장 완료
[서대문구] 228건 저장 완료
[마포구] 182건 저장 완료
[양천구] 241건 저장 완료
[강서구] 425건 저장 완료
[구로구] 444건 저장 완료
[금천구] 125건 저장 완료
[영등포구] 307건 저장 완료
[동작구] 207건 저장 완료
[관악구] 235건 저장 완료
[서초구] 123건 저장 완료
[강남구] 133건 저장 완료
[송파구] 213건 저장 완료
[강동구] 336건 저장 완료
[분당구] 468건 저장 완료
--- 202002 데이터 수집 시작 ---
[종로구] 58건 저장 완료
[중구] 93건 저장 완료
[용산구] 83건 저장 완료
[성동구] 290건 저장 완료
[광진구] 115건 저장 완료
[동대문구] 345건 저장 완료
[중랑구] 367건 저장 완료
[성북구] 531건 저장 완료
[강북구] 267건 저장 완료
[도봉구] 570건 저장 완료
[노원구] 1163건 저장 완료
[은평구] 367건 저장 완료
[서대문구] 275건 저장 완료
[마포구] 213건 저장 완료
[양천구] 318건 저장 완료
[강서구] 472건 저장 완료
[구로구] 578건 저장 완료
[금천구] 188건 저장 완료
[영등포구] 349건 저장 완료
[동작구] 281건 저장 완료
[관악구] 304건 저장 완료
[서초구] 190건 저장 완료
[강남구] 243건 저장 완료
[송파구] 351건 저장 완료
[강동구] 392건 저장 완료
[분당구] 706건 저장 완료
--- 202003 데이터 수집 시작 ---
[종로구] 44건 저장 완료
[중구] 64건 저장 완료
[용산구] 39건 저장 완료
[성동구] 156건 저장 완료
[광진구] 55건 저장 완료
[동대문구] 183건 저장 완료
[중랑구] 220건 저장 완료
[성북구] 249건 저장 완료
[강북구] 164건 저장 완료
[도봉구] 321건 저장 완료
[노원구] 648건 저장 완료
[은평구] 213건 저장 완료
[서대문구] 144건 저장 완료
[마포구] 118건 저장 완료
[양천구] 180건 저장 완료
[강서구] 264건 저장 완료
[구로구] 329건 저장 완료
[금천구] 180건 저장 완료
[영등포구] 153건 저장 완료
[동작구] 125건 저장 완료
[관악구] 188건 저장 완료
[서초구] 126건 저장 완료
[강남구] 149건 저장 완료
[송파구] 150건 저장 완료
[강동구] 172건 저장 완료
[분당구] 261건 저장 완료
--- 202004 데이터 수집 시작 ---
[종로구] 28건 저장 완료
[중구] 36건 저장 완료
[용산구] 33건 저장 완료
[성동구] 77건 저장 완료
[광진구] 41건 저장 완료
[동대문구] 125건 저장 완료
[중랑구] 145건 저장 완료
[성북구] 181건 저장 완료
[강북구] 104건 저장 완료
[도봉구] 205건 저장 완료
[노원구] 391건 저장 완료
[은평구] 185건 저장 완료
[서대문구] 88건 저장 완료
[마포구] 68건 저장 완료
[양천구] 120건 저장 완료
[강서구] 193건 저장 완료
[구로구] 241건 저장 완료
[금천구] 54건 저장 완료
[영등포구] 127건 저장 완료
[동작구] 53건 저장 완료
[관악구] 146건 저장 완료
[서초구] 95건 저장 완료
[강남구] 159건 저장 완료
[송파구] 142건 저장 완료
[강동구] 128건 저장 완료
[분당구] 173건 저장 완료
--- 202005 데이터 수집 시작 ---
[종로구] 55건 저장 완료
[중구] 57건 저장 완료
[용산구] 135건 저장 완료
[성동구] 187건 저장 완료
[광진구] 84건 저장 완료
[동대문구] 227건 저장 완료
[중랑구] 233건 저장 완료
[성북구] 271건 저장 완료
[강북구] 137건 저장 완료
[도봉구] 301건 저장 완료
[노원구] 652건 저장 완료
[은평구] 253건 저장 완료
[서대문구] 187건 저장 완료
[마포구] 163건 저장 완료
[양천구] 263건 저장 완료
[강서구] 335건 저장 완료
[구로구] 380건 저장 완료
[금천구] 104건 저장 완료
[영등포구] 248건 저장 완료
[동작구] 155건 저장 완료
[관악구] 180건 저장 완료
[서초구] 219건 저장 완료
[강남구] 317건 저장 완료
[송파구] 355건 저장 완료
[강동구] 321건 저장 완료
[분당구] 399건 저장 완료
--- 202006 데이터 수집 시작 ---
[종로구] 118건 저장 완료
[중구] 171건 저장 완료
[용산구] 276건 저장 완료
[성동구] 685건 저장 완료
[광진구] 238건 저장 완료
[동대문구] 567건 저장 완료
[중랑구] 498건 저장 완료
[성북구] 907건 저장 완료
[강북구] 392건 저장 완료
[도봉구] 910건 저장 완료
[노원구] 1836건 저장 완료
[은평구] 580건 저장 완료
[서대문구] 495건 저장 완료
[마포구] 504건 저장 완료
[양천구] 721건 저장 완료
[강서구] 1166건 저장 완료
[구로구] 913건 저장 완료
[금천구] 242건 저장 완료
[영등포구] 619건 저장 완료
[동작구] 562건 저장 완료
[관악구] 538건 저장 완료
[서초구] 575건 저장 완료
[강남구] 827건 저장 완료
[송파구] 1173건 저장 완료
[강동구] 891건 저장 완료
[분당구] 1575건 저장 완료
--- 202007 데이터 수집 시작 ---
[종로구] 98건 저장 완료
