/Users/smithkwon/Library/Python/3.9/lib/python/site-packages/urllib3/__init__.py:35: NotOpenSSLWarning: urllib3 v2 only supports OpenSSL 1.1.1+, currently the 'ssl' module is compiled with 'LibreSSL 2.8.3'. See: https://github.com/urllib3/urllib3/issues/3020
  warnings.warn(
--- 201901 데이터 수집 시작 ---
[종로구] 36건 저장 완료
[중구] 23건 저장 완료
[용산구] 25건 저장 완료
[성동구] 42건 저장 완료
[광진구] 28건 저장 완료
[동대문구] 106건 저장 완료
[중랑구] 77건 저장 완료
[성북구] 94건 저장 완료
[강북구] 29건 저장 완료
[도봉구] 105건 저장 완료
[노원구] 153건 저장 완료
[은평구] 99건 저장 완료
[서대문구] 66건 저장 완료
[마포구] 45건 저장 완료
[양천구] 83건 저장 완료
[강서구] 80건 저장 완료
[구로구] 99건 저장 완료
[금천구] 46건 저장 완료
[영등포구] 58건 저장 완료
[동작구] 46건 저장 완료
[관악구] 82건 저장 완료
[서초구] 46건 저장 완료
[강남구] 74건 저장 완료
[송파구] 80건 저장 완료
[강동구] 101건 저장 완료
[분당구] 76건 저장 완료
--- 201902 데이터 수집 시작 ---
[종로구] 16건 저장 완료
[중구] 22건 저장 완료
[용산구] 38건 저장 완료
[성동구] 27건 저장 완료
[광진구] 31건 저장 완료
[동대문구] 68건 저장 완료
[중랑구] 62건 저장 완료
[성북구] 79건 저장 완료
[강북구] 34건 저장 완료
[도봉구] 74건 저장 완료
[노원구] 144건 저장 완료
[은평구] 98건 저장 완료
[서대문구] 55건 저장 완료
[마포구] 50건 저장 완료
[양천구] 76건 저장 완료
[강서구] 73건 저장 완료
[구로구] 84건 저장 완료
[금천구] 46건 저장 완료
[영등포구] 56건 저장 완료
[동작구] 32건 저장 완료
[관악구] 41건 저장 완료
[서초구] 41건 저장 완료
[강남구] 49건 저장 완료
[송파구] 87건 저장 완료
[강동구] 74건 저장 완료
[분당구] 68건 저장 완료
--- 201903 데이터 수집 시작 ---
[종로구] 17건 저장 완료
[중구] 30건 저장 완료
[용산구] 49건 저장 완료
[성동구] 52건 저장 완료
[광진구] 57건 저장 완료
[동대문구] 91건 저장 완료
[중랑구] 86건 저장 완료
[성북구] 94건 저장 완료
[강북구] 61건 저장 완료
[도봉구] 128건 저장 완료
[노원구] 219건 저장 완료
[은평구] 96건 저장 완료
[서대문구] 94건 저장 완료
[마포구] 69건 저장 완료
[양천구] 132건 저장 완료
[강서구] 117건 저장 완료
[구로구] 124건 저장 완료
[금천구] 81건 저장 완료
[영등포구] 79건 저장 완료
[동작구] 45건 저장 완료
[관악구] 84건 저장 완료
[서초구] 68건 저장 완료
[강남구] 149건 저장 완료
[송파구] 177건 저장 완료
[강동구] 82건 저장 완료
[분당구] 97건 저장 완료
--- 201904 데이터 수집 시작 ---
[종로구] 28건 저장 완료
[중구] 43건 저장 완료
[용산구] 74건 저장 완료
[성동구] 97건 저장 완료
[광진구] 75건 저장 완료
[동대문구] 94건 저장 완료
[중랑구] 113건 저장 완료
[성북구] 117건 저장 완료
[강북구] 53건 저장 완료
[도봉구] 124건 저장 완료
[노원구] 285건 저장 완료
[은평구] 117건 저장 완료
[서대문구] 89건 저장 완료
[마포구] 87건 저장 완료
[양천구] 161건 저장 완료
[강서구] 141건 저장 완료
[구로구] 165건 저장 완료
[금천구] 83건 저장 완료
[영등포구] 126건 저장 완료
[동작구] 85건 저장 완료
[관악구] 90건 저장 완료
[서초구] 128건 저장 완료
[강남구] 232건 저장 완료
[송파구] 284건 저장 완료
[강동구] 160건 저장 완료
[분당구] 164건 저장 완료
--- 201905 데이터 수집 시작 ---
[종로구] 50건 저장 완료
[중구] 61건 저장 완료
[용산구] 103건 저장 완료
[성동구] 154건 저장 완료
[광진구] 99건 저장 완료
[동대문구] 122건 저장 완료
[중랑구] 117건 저장 완료
[성북구] 150건 저장 완료
[강북구] 78건 저장 완료
[도봉구] 154건 저장 완료
[노원구] 429건 저장 완료
[은평구] 98건 저장 완료
[서대문구] 137건 저장 완료
[마포구] 141건 저장 완료
[양천구] 263건 저장 완료
[강서구] 199건 저장 완료
[구로구] 161건 저장 완료
[금천구] 100건 저장 완료
[영등포구] 198건 저장 완료
[동작구] 126건 저장 완료
[관악구] 170건 저장 완료
[서초구] 267건 저장 완료
[강남구] 388건 저장 완료
[송파구] 428건 저장 완료
[강동구] 215건 저장 완료
[분당구] 308건 저장 완료
--- 201906 데이터 수집 시작 ---
[종로구] 42건 저장 완료
[중구] 79건 저장 완료
[용산구] 166건 저장 완료
[성동구] 268건 저장 완료
[광진구] 189건 저장 완료
[동대문구] 196건 저장 완료
[중랑구] 160건 저장 완료
[성북구] 265건 저장 완료
[강북구] 87건 저장 완료
[도봉구] 290건 저장 완료
[노원구] 674건 저장 완료
[은평구] 143건 저장 완료
[서대문구] 192건 저장 완료
[마포구] 262건 저장 완료
[양천구] 405건 저장 완료
[강서구] 300건 저장 완료
[구로구] 294건 저장 완료
[금천구] 96건 저장 완료
[영등포구] 416건 저장 완료
[동작구] 231건 저장 완료
[관악구] 183건 저장 완료
[서초구] 351건 저장 완료
[강남구] 594건 저장 완료
[송파구] 732건 저장 완료
[강동구] 313건 저장 완료
[분당구] 542건 저장 완료
--- 201907 데이터 수집 시작 ---
[종로구] 71건 저장 완료
[중구] 105건 저장 완료
[용산구] 186건 저장 완료
[성동구] 484건 저장 완료
[광진구] 222건 저장 완료
[동대문구] 294건 저장 완료
[중랑구] 240건 저장 완료
[성북구] 444건 저장 완료
[강북구] 145건 저장 완료
[도봉구] 308건 저장 완료
[노원구] 875건 저장 완료
[은평구] 199건 저장 완료
[서대문구] 279건 저장 완료
[마포구] 364건 저장 완료
[양천구] 403건 저장 완료
[강서구] 375건 저장 완료
[구로구] 374건 저장 완료
[금천구] 158건 저장 완료
[영등포구] 329건 저장 완료
[동작구] 349건 저장 완료
[관악구] 235건 저장 완료
[서초구] 505건 저장 완료
[강남구] 670건 저장 완료
[송파구] 746건 저장 완료
[강동구] 483건 저장 완료
[분당구] 789건 저장 완료
--- 201908 데이터 수집 시작 ---
[종로구] 59건 저장 완료
[중구] 74건 저장 완료
[용산구] 127건 저장 완료
[성동구] 342건 저장 완료
[광진구] 197건 저장 완료
[동대문구] 288건 저장 완료
[중랑구] 235건 저장 완료
[성북구] 403건 저장 완료
[강북구] 128건 저장 완료
[도봉구] 236건 저장 완료
[노원구] 590건 저장 완료
[은평구] 236건 저장 완료
[서대문구] 303건 저장 완료
[마포구] 294건 저장 완료
[양천구] 290건 저장 완료
[강서구] 299건 저장 완료
[구로구] 286건 저장 완료
[금천구] 141건 저장 완료
[영등포구] 293건 저장 완료
[동작구] 221건 저장 완료
[관악구] 206건 저장 완료
[서초구] 246건 저장 완료
[강남구] 363건 저장 완료
[송파구] 385건 저장 완료
[강동구] 374건 저장 완료
[분당구] 471건 저장 완료
--- 201909 데이터 수집 시작 ---
[종로구] 53건 저장 완료
[중구] 83건 저장 완료
[용산구] 140건 저장 완료
[성동구] 298건 저장 완료
[광진구] 148건 저장 완료
[동대문구] 223건 저장 완료
[중랑구] 239건 저장 완료
[성북구] 300건 저장 완료
[강북구] 135건 저장 완료
[도봉구] 271건 저장 완료
[노원구] 650건 저장 완료
[은평구] 215건 저장 완료
[서대문구] 249건 저장 완료
[마포구] 246건 저장 완료
[양천구] 392건 저장 완료
[강서구] 326건 저장 완료
[구로구] 316건 저장 완료
[금천구] 175건 저장 완료
[영등포구] 276건 저장 완료
[동작구] 236건 저장 완료
[관악구] 193건 저장 완료
[서초구] 329건 저장 완료
[강남구] 497건 저장 완료
[송파구] 629건 저장 완료
[강동구] 403건 저장 완료
[분당구] 535건 저장 완료
--- 201910 데이터 수집 시작 ---
[종로구] 81건 저장 완료
[중구] 158건 저장 완료
[용산구] 215건 저장 완료
[성동구] 551건 저장 완료
[광진구] 298건 저장 완료
[동대문구] 379건 저장 완료
[중랑구] 325건 저장 완료
[성북구] 609건 저장 완료
[강북구] 205건 저장 완료
[도봉구] 418건 저장 완료
[노원구] 1127건 저장 완료
[은평구] 346건 저장 완료
[서대문구] 376건 저장 완료
[마포구] 425건 저장 완료
[양천구] 592건 저장 완료
[강서구] 589건 저장 완료
[구로구] 540건 저장 완료
[금천구] 245건 저장 완료
[영등포구] 453건 저장 완료
[동작구] 425건 저장 완료
[관악구] 333건 저장 완료
[서초구] 484건 저장 완료
[강남구] 699건 저장 완료
[송파구] 941건 저장 완료
[강동구] 718건 저장 완료
[분당구] 1017건 저장 완료
--- 201911 데이터 수집 시작 ---
[종로구] 88건 저장 완료
[중구] 163건 저장 완료
[용산구] 219건 저장 완료
[성동구] 529건 저장 완료
[광진구] 225건 저장 완료
[동대문구] 457건 저장 완료
[중랑구] 267건 저장 완료
[성북구] 618건 저장 완료
[강북구] 191건 저장 완료
[도봉구] 431건 저장 완료
[노원구] 1118건 저장 완료
[은평구] 382건 저장 완료
[서대문구] 415건 저장 완료
[마포구] 539건 저장 완료
[양천구] 700건 저장 완료
[강서구] 579건 저장 완료
[구로구] 575건 저장 완료
[금천구] 195건 저장 완료
[영등포구] 459건 저장 완료
[동작구] 521건 저장 완료
[관악구] 401건 저장 완료
[서초구] 443건 저장 완료
[강남구] 537건 저장 완료
[송파구] 802건 저장 완료
[강동구] 645건 저장 완료
[분당구] 1198건 저장 완료
--- 201912 데이터 수집 시작 ---
[종로구] 84건 저장 완료
[중구] 172건 저장 완료
[용산구] 167건 저장 완료
[성동구] 425건 저장 완료
[광진구] 132건 저장 완료
[동대문구] 441건 저장 완료
[중랑구] 430건 저장 완료
[성북구] 633건 저장 완료
[강북구] 247건 저장 완료
[도봉구] 441건 저장 완료
[노원구] 1039건 저장 완료
[은평구] 340건 저장 완료
[서대문구] 338건 저장 완료
[마포구] 378건 저장 완료
[양천구] 372건 저장 완료
[강서구] 663건 저장 완료
[구로구] 510건 저장 완료
[금천구] 133건 저장 완료
[영등포구] 434건 저장 완료
[동작구] 311건 저장 완료
[관악구] 283건 저장 완료
[서초구] 325건 저장 완료
[강남구] 376건 저장 완료
[송파구] 468건 저장 완료
[강동구] 497건 저장 완료
[분당구] 805건 저장 완료
--- 202001 데이터 수집 시작 ---
[종로구] 65건 저장 완료
[중구] 84건 저장 완료
[용산구] 103건 저장 완료
[성동구] 206건 저장 완료
[광진구] 63건 저장 완료
[동대문구] 286건 저장 완료
[중랑구] 237건 저장 완료
[성북구] 449건 저장 완료
[강북구] 313건 저장 완료
[도봉구] 367건 저장 완료
[노원구] 815건 저장 완료
[은평구] 313건 저장 완료
[서대문구] 228건 저장 완료
[마포구] 182건 저장 완료
[양천구] 241건 저장 완료
[강서구] 425건 저장 완료
[구로구] 444건 저장 완료
[금천구] 125건 저장 완료
[영등포구] 307건 저장 완료
[동작구] 207건 저장 완료
[관악구] 235건 저장 완료
[서초구] 123건 저장 완료
[강남구] 133건 저장 완료
[송파구] 213건 저장 완료
[강동구] 336건 저장 완료
[분당구] 468건 저장 완료
--- 202002 데이터 수집 시작 ---
[종로구] 58건 저장 완료
[중구] 93건 저장 완료
[용산구] 83건 저장 완료
[성동구] 290건 저장 완료
[광진구] 115건 저장 완료
[동대문구] 345건 저장 완료
[중랑구] 367건 저장 완료
[성북구] 531건 저장 완료
[강북구] 267건 저장 완료
[도봉구] 570건 저장 완료
[노원구] 1163건 저장 완료
[은평구] 367건 저장 완료
[서대문구] 275건 저장 완료
[마포구] 213건 저장 완료
[양천구] 318건 저장 완료
[강서구] 472건 저장 완료
[구로구] 578건 저장 완료
[금천구] 188건 저장 완료
[영등포구] 349건 저장 완료
[동작구] 281건 저장 완료
[관악구] 304건 저장 완료
[서초구] 190건 저장 완료
[강남구] 243건 저장 완료
[송파구] 351건 저장 완료
[강동구] 392건 저장 완료
[분당구] 706건 저장 완료
--- 202003 데이터 수집 시작 ---
[종로구] 44건 저장 완료
[중구] 64건 저장 완료
[용산구] 39건 저장 완료
[성동구] 156건 저장 완료
[광진구] 55건 저장 완료
[동대문구] 183건 저장 완료
[중랑구] 220건 저장 완료
[성북구] 249건 저장 완료
[강북구] 164건 저장 완료
[도봉구] 321건 저장 완료
[노원구] 648건 저장 완료
[은평구] 213건 저장 완료
[서대문구] 144건 저장 완료
[마포구] 118건 저장 완료
[양천구] 180건 저장 완료
[강서구] 264건 저장 완료
[구로구] 329건 저장 완료
[금천구] 180건 저장 완료
[영등포구] 153건 저장 완료
[동작구] 125건 저장 완료
[관악구] 188건 저장 완료
[서초구] 126건 저장 완료
[강남구] 149건 저장 완료
[송파구] 150건 저장 완료
[강동구] 172건 저장 완료
[분당구] 261건 저장 완료
--- 202004 데이터 수집 시작 ---
[종로구] 28건 저장 완료
[중구] 36건 저장 완료
[용산구] 33건 저장 완료
[성동구] 77건 저장 완료
[광진구] 41건 저장 완료
[동대문구] 125건 저장 완료
[중랑구] 145건 저장 완료
[성북구] 181건 저장 완료
[강북구] 104건 저장 완료
[도봉구] 205건 저장 완료
[노원구] 391건 저장 완료
[은평구] 185건 저장 완료
[서대문구] 88건 저장 완료
[마포구] 68건 저장 완료
[양천구] 120건 저장 완료
[강서구] 193건 저장 완료
[구로구] 241건 저장 완료
[금천구] 54건 저장 완료
[영등포구] 127건 저장 완료
[동작구] 53건 저장 완료
[관악구] 146건 저장 완료
[서초구] 95건 저장 완료
[강남구] 159건 저장 완료
[송파구] 142건 저장 완료
[강동구] 128건 저장 완료
[분당구] 173건 저장 완료
--- 202005 데이터 수집 시작 ---
[종로구] 55건 저장 완료
[중구] 57건 저장 완료
[용산구] 135건 저장 완료
[성동구] 187건 저장 완료
[광진구] 84건 저장 완료
[동대문구] 227건 저장 완료
[중랑구] 233건 저장 완료
[성북구] 271건 저장 완료
[강북구] 137건 저장 완료
[도봉구] 301건 저장 완료
[노원구] 652건 저장 완료
[은평구] 253건 저장 완료
[서대문구] 187건 저장 완료
[마포구] 163건 저장 완료
[양천구] 263건 저장 완료
[강서구] 335건 저장 완료
[구로구] 380건 저장 완료
[금천구] 104건 저장 완료
[영등포구] 248건 저장 완료
[동작구] 155건 저장 완료
[관악구] 180건 저장 완료
[서초구] 219건 저장 완료
[강남구] 317건 저장 완료
[송파구] 355건 저장 완료
[강동구] 321건 저장 완료
[분당구] 399건 저장 완료
--- 202006 데이터 수집 시작 ---
[종로구] 118건 저장 완료
[중구] 171건 저장 완료
[용산구] 276건 저장 완료
[성동구] 685건 저장 완료
[광진구] 238건 저장 완료
[동대문구] 567건 저장 완료
[중랑구] 498건 저장 완료
[성북구] 907건 저장 완료
[강북구] 392건 저장 완료
[도봉구] 910건 저장 완료
[노원구] 1836건 저장 완료
[은평구] 580건 저장 완료
[서대문구] 495건 저장 완료
[마포구] 504건 저장 완료
[양천구] 721건 저장 완료
[강서구] 1166건 저장 완료
[구로구] 913건 저장 완료
[금천구] 242건 저장 완료
[영등포구] 619건 저장 완료
[동작구] 562건 저장 완료
[관악구] 538건 저장 완료
[서초구] 575건 저장 완료
[강남구] 827건 저장 완료
[송파구] 1173건 저장 완료
[강동구] 891건 저장 완료
[분당구] 1575건 저장 완료
--- 202007 데이터 수집 시작 ---
[종로구] 98건 저장 완료
[중구] 149건 저장 완료
[용산구] 187건 저장 완료
[성동구] 410건 저장 완료
[광진구] 200건 저장 완료
[동대문구] 416건 저장 완료
[중랑구] 362건 저장 완료
[성북구] 604건 저장 완료
[강북구] 218건 저장 완료
[도봉구] 646건 저장 완료
[노원구] 972건 저장 완료
[은평구] 513건 저장 완료
[서대문구] 380건 저장 완료
[마포구] 481건 저장 완료
[양천구] 505건 저장 완료
[강서구] 988건 저장 완료
[구로구] 576건 저장 완료
[금천구] 186건 저장 완료
[영등포구] 432건 저장 완료
[동작구] 514건 저장 완료
[관악구] 324건 저장 완료
[서초구] 478건 저장 완료
[강남구] 387건 저장 완료
[송파구] 576건 저장 완료
[강동구] 566건 저장 완료
[분당구] 946건 저장 완료
--- 202008 데이터 수집 시작 ---
[종로구] 49건 저장 완료
[중구] 76건 저장 완료
[용산구] 114건 저장 완료
[성동구] 210건 저장 완료
[광진구] 100건 저장 완료
[동대문구] 211건 저장 완료
[중랑구] 166건 저장 완료
[성북구] 256건 저장 완료
[강북구] 97건 저장 완료
[도봉구] 208건 저장 완료
[노원구] 401건 저장 완료
[은평구] 197건 저장 완료
[서대문구] 182건 저장 완료
[마포구] 218건 저장 완료
[양천구] 205건 저장 완료
[강서구] 419건 저장 완료
[구로구] 269건 저장 완료
[금천구] 93건 저장 완료
[영등포구] 212건 저장 완료
[동작구] 228건 저장 완료
[관악구] 120건 저장 완료
[서초구] 295건 저장 완료
[강남구] 243건 저장 완료
[송파구] 281건 저장 완료
[강동구] 316건 저장 완료
[분당구] 421건 저장 완료
--- 202009 데이터 수집 시작 ---
[종로구] 36건 저장 완료
[중구] 56건 저장 완료
[용산구] 107건 저장 완료
[성동구] 149건 저장 완료
[광진구] 76건 저장 완료
[동대문구] 167건 저장 완료
[중랑구] 110건 저장 완료
[성북구] 149건 저장 완료
[강북구] 82건 저장 완료
[도봉구] 155건 저장 완료
[노원구] 325건 저장 완료
[은평구] 154건 저장 완료
[서대문구] 158건 저장 완료
[마포구] 173건 저장 완료
[양천구] 163건 저장 완료
[강서구] 318건 저장 완료
[구로구] 228건 저장 완료
[금천구] 67건 저장 완료
[영등포구] 162건 저장 완료
[동작구] 151건 저장 완료
[관악구] 119건 저장 완료
[서초구] 207건 저장 완료
[강남구] 183건 저장 완료
[송파구] 226건 저장 완료
[강동구] 208건 저장 완료
[분당구] 381건 저장 완료
--- 202010 데이터 수집 시작 ---
[종로구] 111건 저장 완료
[중구] 73건 저장 완료
[용산구] 129건 저장 완료
[성동구] 150건 저장 완료
[광진구] 77건 저장 완료
[동대문구] 173건 저장 완료
[중랑구] 171건 저장 완료
[성북구] 170건 저장 완료
[강북구] 128건 저장 완료
[도봉구] 215건 저장 완료
[노원구] 415건 저장 완료
[은평구] 186건 저장 완료
[서대문구] 167건 저장 완료
[마포구] 184건 저장 완료
[양천구] 187건 저장 완료
[강서구] 338건 저장 완료
[구로구] 246건 저장 완료
[금천구] 72건 저장 완료
[영등포구] 216건 저장 완료
[동작구] 165건 저장 완료
[관악구] 131건 저장 완료
[서초구] 239건 저장 완료
[강남구] 205건 저장 완료
[송파구] 234건 저장 완료
[강동구] 197건 저장 완료
[분당구] 456건 저장 완료
--- 202011 데이터 수집 시작 ---
[종로구] 64건 저장 완료
[중구] 78건 저장 완료
[용산구] 149건 저장 완료
[성동구] 231건 저장 완료
[광진구] 109건 저장 완료
[동대문구] 244건 저장 완료
[중랑구] 174건 저장 완료
[성북구] 271건 저장 완료
[강북구] 108건 저장 완료
[도봉구] 308건 저장 완료
[노원구] 640건 저장 완료
[은평구] 229건 저장 완료
[서대문구] 202건 저장 완료
[마포구] 267건 저장 완료
[양천구] 249건 저장 완료
[강서구] 464건 저장 완료
[구로구] 483건 저장 완료
[금천구] 123건 저장 완료
[영등포구] 278건 저장 완료
[동작구] 224건 저장 완료
[관악구] 184건 저장 완료
[서초구] 336건 저장 완료
[강남구] 393건 저장 완료
[송파구] 375건 저장 완료
[강동구] 327건 저장 완료
[분당구] 807건 저장 완료
--- 202012 데이터 수집 시작 ---
[종로구] 72건 저장 완료
[중구] 89건 저장 완료
[용산구] 175건 저장 완료
[성동구] 290건 저장 완료
[광진구] 132건 저장 완료
[동대문구] 299건 저장 완료
[중랑구] 217건 저장 완료
[성북구] 328건 저장 완료
[강북구] 168건 저장 완료
[도봉구] 370건 저장 완료
[노원구] 803건 저장 완료
[은평구] 258건 저장 완료
[서대문구] 240건 저장 완료
[마포구] 256건 저장 완료
[양천구] 334건 저장 완료
[강서구] 432건 저장 완료
[구로구] 386건 저장 완료
[금천구] 262건 저장 완료
[영등포구] 336건 저장 완료
[동작구] 293건 저장 완료
[관악구] 233건 저장 완료
[서초구] 463건 저장 완료
[강남구] 478건 저장 완료
[송파구] 482건 저장 완료
[강동구] 344건 저장 완료
[분당구] 673건 저장 완료
--- 202101 데이터 수집 시작 ---
[종로구] 55건 저장 완료
[중구] 71건 저장 완료
[용산구] 112건 저장 완료
[성동구] 206건 저장 완료
[광진구] 111건 저장 완료
[동대문구] 320건 저장 완료
[중랑구] 180건 저장 완료
[성북구] 329건 저장 완료
[강북구] 115건 저장 완료
[도봉구] 282건 저장 완료
[노원구] 603건 저장 완료
[은평구] 204건 저장 완료
[서대문구] 181건 저장 완료
[마포구] 241건 저장 완료
[양천구] 316건 저장 완료
[강서구] 329건 저장 완료
[구로구] 338건 저장 완료
[금천구] 116건 저장 완료
[영등포구] 274건 저장 완료
[동작구] 204건 저장 완료
[관악구] 177건 저장 완료
[서초구] 296건 저장 완료
[강남구] 319건 저장 완료
[송파구] 270건 저장 완료
[강동구] 307건 저장 완료
[분당구] 375건 저장 완료
--- 202102 데이터 수집 시작 ---
[종로구] 41건 저장 완료
[중구] 103건 저장 완료
[용산구] 84건 저장 완료
[성동구] 127건 저장 완료
[광진구] 68건 저장 완료
[동대문구] 123건 저장 완료
[중랑구] 167건 저장 완료
[성북구] 226건 저장 완료
[강북구] 123건 저장 완료
[도봉구] 197건 저장 완료
[노원구] 389건 저장 완료
[은평구] 139건 저장 완료
[서대문구] 136건 저장 완료
[마포구] 127건 저장 완료
[양천구] 173건 저장 완료
[강서구] 266건 저장 완료
[구로구] 211건 저장 완료
[금천구] 78건 저장 완료
[영등포구] 160건 저장 완료
[동작구] 118건 저장 완료
[관악구] 141건 저장 완료
[서초구] 211건 저장 완료
[강남구] 220건 저장 완료
[송파구] 204건 저장 완료
[강동구] 165건 저장 완료
[분당구] 271건 저장 완료
--- 202103 데이터 수집 시작 ---
[종로구] 48건 저장 완료
[중구] 52건 저장 완료
[용산구] 87건 저장 완료
[성동구] 128건 저장 완료
[광진구] 70건 저장 완료
[동대문구] 150건 저장 완료
[중랑구] 173건 저장 완료
[성북구] 221건 저장 완료
[강북구] 84건 저장 완료
[도봉구] 176건 저장 완료
[노원구] 344건 저장 완료
[은평구] 150건 저장 완료
[서대문구] 118건 저장 완료
[마포구] 117건 저장 완료
[양천구] 165건 저장 완료
[강서구] 216건 저장 완료
[구로구] 268건 저장 완료
[금천구] 131건 저장 완료
[영등포구] 174건 저장 완료
[동작구] 117건 저장 완료
[관악구] 140건 저장 완료
[서초구] 219건 저장 완료
[강남구] 174건 저장 완료
[송파구] 156건 저장 완료
[강동구] 207건 저장 완료
[분당구] 211건 저장 완료
--- 202104 데이터 수집 시작 ---
[종로구] 44건 저장 완료
[중구] 57건 저장 완료
[용산구] 88건 저장 완료
[성동구] 126건 저장 완료
[광진구] 48건 저장 완료
[동대문구] 123건 저장 완료
[중랑구] 116건 저장 완료
[성북구] 181건 저장 완료
[강북구] 65건 저장 완료
[도봉구] 200건 저장 완료
[노원구] 404건 저장 완료
[은평구] 141건 저장 완료
[서대문구] 100건 저장 완료
[마포구] 122건 저장 완료
[양천구] 203건 저장 완료
[강서구] 246건 저장 완료
[구로구] 205건 저장 완료
[금천구] 83건 저장 완료
[영등포구] 168건 저장 완료
[동작구] 112건 저장 완료
[관악구] 105건 저장 완료
[서초구] 213건 저장 완료
[강남구] 238건 저장 완료
[송파구] 213건 저장 완료
[강동구] 160건 저장 완료
[분당구] 203건 저장 완료
--- 202105 데이터 수집 시작 ---
[종로구] 34건 저장 완료
[중구] 67건 저장 완료
[용산구] 131건 저장 완료
[성동구] 159건 저장 완료
[광진구] 80건 저장 완료
[동대문구] 187건 저장 완료
[중랑구] 172건 저장 완료
[성북구] 242건 저장 완료
[강북구] 88건 저장 완료
[도봉구] 208건 저장 완료
[노원구] 526건 저장 완료
[은평구] 175건 저장 완료
[서대문구] 179건 저장 완료
[마포구] 174건 저장 완료
[양천구] 193건 저장 완료
[강서구] 374건 저장 완료
[구로구] 284건 저장 완료
[금천구] 110건 저장 완료
[영등포구] 182건 저장 완료
[동작구] 262건 저장 완료
[관악구] 170건 저장 완료
[서초구] 271건 저장 완료
[강남구] 259건 저장 완료
[송파구] 252건 저장 완료
[강동구] 270건 저장 완료
[분당구] 340건 저장 완료
--- 202106 데이터 수집 시작 ---
[종로구] 27건 저장 완료
[중구] 54건 저장 완료
[용산구] 87건 저장 완료
[성동구] 158건 저장 완료
[광진구] 60건 저장 완료
[동대문구] 140건 저장 완료
[중랑구] 185건 저장 완료
[성북구] 237건 저장 완료
[강북구] 99건 저장 완료
[도봉구] 201건 저장 완료
[노원구] 391건 저장 완료
[은평구] 157건 저장 완료
[서대문구] 126건 저장 완료
[마포구] 133건 저장 완료
[양천구] 165건 저장 완료
[강서구] 306건 저장 완료
[구로구] 359건 저장 완료
[금천구] 71건 저장 완료
[영등포구] 152건 저장 완료
[동작구] 145건 저장 완료
[관악구] 105건 저장 완료
[서초구] 197건 저장 완료
[강남구] 171건 저장 완료
[송파구] 162건 저장 완료
[강동구] 168건 저장 완료
[분당구] 276건 저장 완료
--- 202107 데이터 수집 시작 ---
[종로구] 49건 저장 완료
[중구] 58건 저장 완료
[용산구] 82건 저장 완료
[성동구] 177건 저장 완료
[광진구] 87건 저장 완료
[동대문구] 202건 저장 완료
[중랑구] 206건 저장 완료
[성북구] 256건 저장 완료
[강북구] 136건 저장 완료
[도봉구] 218건 저장 완료
[노원구] 476건 저장 완료
[은평구] 187건 저장 완료
[서대문구] 154건 저장 완료
[마포구] 160건 저장 완료
[양천구] 187건 저장 완료
[강서구] 383건 저장 완료
[구로구] 278건 저장 완료
[금천구] 103건 저장 완료
[영등포구] 202건 저장 완료
[동작구] 162건 저장 완료
[관악구] 191건 저장 완료
[서초구] 204건 저장 완료
[강남구] 209건 저장 완료
[송파구] 256건 저장 완료
[강동구] 177건 저장 완료
[분당구] 314건 저장 완료
--- 202108 데이터 수집 시작 ---
[종로구] 37건 저장 완료
[중구] 55건 저장 완료
[용산구] 89건 저장 완료
[성동구] 166건 저장 완료
[광진구] 79건 저장 완료
[동대문구] 146건 저장 완료
[중랑구] 169건 저장 완료
[성북구] 284건 저장 완료
[강북구] 111건 저장 완료
[도봉구] 142건 저장 완료
[노원구] 318건 저장 완료
[은평구] 183건 저장 완료
[서대문구] 163건 저장 완료
[마포구] 174건 저장 완료
[양천구] 153건 저장 완료
[강서구] 326건 저장 완료
[구로구] 253건 저장 완료
[금천구] 105건 저장 완료
[영등포구] 180건 저장 완료
[동작구] 148건 저장 완료
[관악구] 146건 저장 완료
[서초구] 173건 저장 완료
[강남구] 202건 저장 완료
[송파구] 210건 저장 완료
[강동구] 193건 저장 완료
[분당구] 295건 저장 완료
--- 202109 데이터 수집 시작 ---
[종로구] 35건 저장 완료
[중구] 37건 저장 완료
[용산구] 54건 저장 완료
[성동구] 103건 저장 완료
[광진구] 55건 저장 완료
[동대문구] 102건 저장 완료
[중랑구] 109건 저장 완료
[성북구] 156건 저장 완료
[강북구] 48건 저장 완료
[도봉구] 84건 저장 완료
[노원구] 224건 저장 완료
[은평구] 113건 저장 완료
[서대문구] 124건 저장 완료
[마포구] 113건 저장 완료
[양천구] 123건 저장 완료
[강서구] 153건 저장 완료
[구로구] 158건 저장 완료
[금천구] 71건 저장 완료
[영등포구] 148건 저장 완료
[동작구] 107건 저장 완료
[관악구] 109건 저장 완료
[서초구] 134건 저장 완료
[강남구] 148건 저장 완료
[송파구] 170건 저장 완료
[강동구] 123건 저장 완료
[분당구] 207건 저장 완료
--- 202110 데이터 수집 시작 ---
[종로구] 43건 저장 완료
[중구] 22건 저장 완료
[용산구] 34건 저장 완료
[성동구] 89건 저장 완료
[광진구] 40건 저장 완료
[동대문구] 121건 저장 완료
[중랑구] 80건 저장 완료
[성북구] 114건 저장 완료
[강북구] 31건 저장 완료
[도봉구] 96건 저장 완료
[노원구] 155건 저장 완료
[은평구] 110건 저장 완료
[서대문구] 77건 저장 완료
[마포구] 92건 저장 완료
[양천구] 102건 저장 완료
[강서구] 122건 저장 완료
[구로구] 124건 저장 완료
[금천구] 68건 저장 완료
[영등포구] 109건 저장 완료
[동작구] 75건 저장 완료
[관악구] 108건 저장 완료
[서초구] 124건 저장 완료
[강남구] 132건 저장 완료
[송파구] 105건 저장 완료
[강동구] 123건 저장 완료
[분당구] 145건 저장 완료
--- 202111 데이터 수집 시작 ---
[종로구] 24건 저장 완료
[중구] 19건 저장 완료
[용산구] 34건 저장 완료
[성동구] 50건 저장 완료
[광진구] 30건 저장 완료
[동대문구] 59건 저장 완료
[중랑구] 46건 저장 완료
[성북구] 74건 저장 완료
[강북구] 21건 저장 완료
[도봉구] 49건 저장 완료
[노원구] 87건 저장 완료
[은평구] 77건 저장 완료
[서대문구] 47건 저장 완료
[마포구] 46건 저장 완료
[양천구] 55건 저장 완료
[강서구] 77건 저장 완료
[구로구] 97건 저장 완료
[금천구] 27건 저장 완료
[영등포구] 94건 저장 완료
[동작구] 53건 저장 완료
[관악구] 48건 저장 완료
[서초구] 80건 저장 완료
[강남구] 114건 저장 완료
[송파구] 60건 저장 완료
[강동구] 76건 저장 완료
[분당구] 91건 저장 완료
--- 202112 데이터 수집 시작 ---
[종로구] 18건 저장 완료
[중구] 19건 저장 완료
[용산구] 25건 저장 완료
[성동구] 30건 저장 완료
[광진구] 18건 저장 완료
[동대문구] 46건 저장 완료
[중랑구] 46건 저장 완료
[성북구] 49건 저장 완료
[강북구] 13건 저장 완료
[도봉구] 38건 저장 완료
[노원구] 59건 저장 완료
[은평구] 60건 저장 완료
[서대문구] 38건 저장 완료
[마포구] 64건 저장 완료
[양천구] 51건 저장 완료
[강서구] 63건 저장 완료
[구로구] 72건 저장 완료
[금천구] 24건 저장 완료
[영등포구] 67건 저장 완료
[동작구] 40건 저장 완료
[관악구] 51건 저장 완료
[서초구] 80건 저장 완료
[강남구] 73건 저장 완료
[송파구] 67건 저장 완료
[강동구] 68건 저장 완료
[분당구] 88건 저장 완료
--- 202201 데이터 수집 시작 ---
[종로구] 16건 저장 완료
[중구] 19건 저장 완료
[용산구] 14건 저장 완료
[성동구] 40건 저장 완료
[광진구] 26건 저장 완료
[동대문구] 43건 저장 완료
[중랑구] 43건 저장 완료
[성북구] 35건 저장 완료
[강북구] 22건 저장 완료
[도봉구] 28건 저장 완료
[노원구] 68건 저장 완료
[은평구] 61건 저장 완료
[서대문구] 22건 저장 완료
[마포구] 57건 저장 완료
[양천구] 36건 저장 완료
[강서구] 99건 저장 완료
[구로구] 151건 저장 완료
[금천구] 26건 저장 완료
[영등포구] 36건 저장 완료
[동작구] 32건 저장 완료
[관악구] 44건 저장 완료
[서초구] 56건 저장 완료
[강남구] 62건 저장 완료
[송파구] 56건 저장 완료
[강동구] 51건 저장 완료
[분당구] 91건 저장 완료
--- 202202 데이터 수집 시작 ---
[종로구] 17건 저장 완료
[중구] 19건 저장 완료
[용산구] 18건 저장 완료
[성동구] 20건 저장 완료
[광진구] 14건 저장 완료
[동대문구] 47건 저장 완료
[중랑구] 31건 저장 완료
[성북구] 42건 저장 완료
[강북구] 12건 저장 완료
[도봉구] 17건 저장 완료
[노원구] 58건 저장 완료
[은평구] 50건 저장 완료
[서대문구] 29건 저장 완료
[마포구] 32건 저장 완료
[양천구] 29건 저장 완료
[강서구] 54건 저장 완료
[구로구] 53건 저장 완료
[금천구] 17건 저장 완료
[영등포구] 40건 저장 완료
[동작구] 32건 저장 완료
[관악구] 42건 저장 완료
[서초구] 41건 저장 완료
[강남구] 68건 저장 완료
[송파구] 42건 저장 완료
[강동구] 33건 저장 완료
[분당구] 87건 저장 완료
--- 202203 데이터 수집 시작 ---
[종로구] 21건 저장 완료
[중구] 19건 저장 완료
[용산구] 32건 저장 완료
[성동구] 27건 저장 완료
[광진구] 28건 저장 완료
[동대문구] 72건 저장 완료
[중랑구] 39건 저장 완료
[성북구] 53건 저장 완료
[강북구] 18건 저장 완료
[도봉구] 61건 저장 완료
[노원구] 156건 저장 완료
[은평구] 121건 저장 완료
[서대문구] 48건 저장 완료
[마포구] 58건 저장 완료
[양천구] 49건 저장 완료
[강서구] 81건 저장 완료
[구로구] 91건 저장 완료
[금천구] 33건 저장 완료
[영등포구] 72건 저장 완료
[동작구] 48건 저장 완료
[관악구] 45건 저장 완료
[서초구] 135건 저장 완료
[강남구] 93건 저장 완료
[송파구] 105건 저장 완료
[강동구] 58건 저장 완료
[분당구] 241건 저장 완료
--- 202204 데이터 수집 시작 ---
[종로구] 25건 저장 완료
[중구] 35건 저장 완료
[용산구] 44건 저장 완료
[성동구] 65건 저장 완료
[광진구] 47건 저장 완료
[동대문구] 81건 저장 완료
[중랑구] 71건 저장 완료
[성북구] 76건 저장 완료
[강북구] 36건 저장 완료
[도봉구] 63건 저장 완료
[노원구] 151건 저장 완료
[은평구] 78건 저장 완료
[서대문구] 54건 저장 완료
[마포구] 74건 저장 완료
[양천구] 81건 저장 완료
[강서구] 71건 저장 완료
[구로구] 97건 저장 완료
[금천구] 44건 저장 완료
[영등포구] 92건 저장 완료
[동작구] 74건 저장 완료
[관악구] 71건 저장 완료
[서초구] 139건 저장 완료
[강남구] 114건 저장 완료
[송파구] 86건 저장 완료
[강동구] 69건 저장 완료
[분당구] 231건 저장 완료
--- 202205 데이터 수집 시작 ---
[종로구] 22건 저장 완료
[중구] 31건 저장 완료
[용산구] 51건 저장 완료
[성동구] 75건 저장 완료
[광진구] 43건 저장 완료
[동대문구] 69건 저장 완료
[중랑구] 180건 저장 완료
[성북구] 61건 저장 완료
[강북구] 25건 저장 완료
[도봉구] 55건 저장 완료
[노원구] 104건 저장 완료
[은평구] 79건 저장 완료
[서대문구] 68건 저장 완료
[마포구] 73건 저장 완료
[양천구] 54건 저장 완료
[강서구] 87건 저장 완료
[구로구] 100건 저장 완료
[금천구] 47건 저장 완료
[영등포구] 89건 저장 완료
[동작구] 75건 저장 완료
[관악구] 77건 저장 완료
[서초구] 100건 저장 완료
[강남구] 114건 저장 완료
[송파구] 80건 저장 완료
[강동구] 85건 저장 완료
[분당구] 174건 저장 완료
--- 202206 데이터 수집 시작 ---
[종로구] 11건 저장 완료
[중구] 17건 저장 완료
[용산구] 26건 저장 완료
[성동구] 36건 저장 완료
[광진구] 13건 저장 완료
[동대문구] 43건 저장 완료
[중랑구] 42건 저장 완료
[성북구] 38건 저장 완료
[강북구] 20건 저장 완료
[도봉구] 27건 저장 완료
[노원구] 77건 저장 완료
[은평구] 45건 저장 완료
[서대문구] 37건 저장 완료
[마포구] 46건 저장 완료
[양천구] 41건 저장 완료
[강서구] 53건 저장 완료
[구로구] 70건 저장 완료
[금천구] 22건 저장 완료
[영등포구] 57건 저장 완료
[동작구] 165건 저장 완료
[관악구] 41건 저장 완료
[서초구] 55건 저장 완료
[강남구] 74건 저장 완료
[송파구] 55건 저장 완료
[강동구] 35건 저장 완료
[분당구] 74건 저장 완료
--- 202207 데이터 수집 시작 ---
[종로구] 14건 저장 완료
[중구] 5건 저장 완료
[용산구] 16건 저장 완료
[성동구] 13건 저장 완료
[광진구] 13건 저장 완료
[동대문구] 35건 저장 완료
[중랑구] 33건 저장 완료
[성북구] 25건 저장 완료
[강북구] 13건 저장 완료
[도봉구] 33건 저장 완료
[노원구] 46건 저장 완료
[은평구] 41건 저장 완료
[서대문구] 23건 저장 완료
[마포구] 31건 저장 완료
[양천구] 22건 저장 완료
[강서구] 37건 저장 완료
[구로구] 39건 저장 완료
[금천구] 22건 저장 완료
[영등포구] 30건 저장 완료
[동작구] 14건 저장 완료
[관악구] 21건 저장 완료
[서초구] 39건 저장 완료
[강남구] 57건 저장 완료
[송파구] 38건 저장 완료
[강동구] 32건 저장 완료
[분당구] 36건 저장 완료
--- 202208 데이터 수집 시작 ---
[종로구] 7건 저장 완료
[중구] 13건 저장 완료
[용산구] 10건 저장 완료
[성동구] 24건 저장 완료
[광진구] 12건 저장 완료
[동대문구] 45건 저장 완료
[중랑구] 25건 저장 완료
[성북구] 30건 저장 완료
[강북구] 16건 저장 완료
[도봉구] 34건 저장 완료
[노원구] 48건 저장 완료
[은평구] 39건 저장 완료
[서대문구] 23건 저장 완료
[마포구] 16건 저장 완료
[양천구] 23건 저장 완료
[강서구] 39건 저장 완료
[구로구] 38건 저장 완료
[금천구] 22건 저장 완료
[영등포구] 46건 저장 완료
[동작구] 26건 저장 완료
[관악구] 18건 저장 완료
[서초구] 25건 저장 완료
[강남구] 151건 저장 완료
[송파구] 39건 저장 완료
[강동구] 36건 저장 완료
[분당구] 25건 저장 완료
--- 202209 데이터 수집 시작 ---
[종로구] 17건 저장 완료
[중구] 14건 저장 완료
[용산구] 12건 저장 완료
[성동구] 16건 저장 완료
[광진구] 12건 저장 완료
[동대문구] 26건 저장 완료
[중랑구] 32건 저장 완료
[성북구] 38건 저장 완료
[강북구] 12건 저장 완료
[도봉구] 28건 저장 완료
[노원구] 33건 저장 완료
[은평구] 39건 저장 완료
[서대문구] 16건 저장 완료
[마포구] 25건 저장 완료
[양천구] 31건 저장 완료
[강서구] 31건 저장 완료
[구로구] 43건 저장 완료
[금천구] 14건 저장 완료
[영등포구] 73건 저장 완료
[동작구] 22건 저장 완료
[관악구] 17건 저장 완료
[서초구] 21건 저장 완료
[강남구] 34건 저장 완료
[송파구] 33건 저장 완료
[강동구] 19건 저장 완료
[분당구] 20건 저장 완료
--- 202210 데이터 수집 시작 ---
[종로구] 4건 저장 완료
[중구] 16건 저장 완료
[용산구] 9건 저장 완료
[성동구] 19건 저장 완료
[광진구] 9건 저장 완료
[동대문구] 25건 저장 완료
[중랑구] 23건 저장 완료
[성북구] 43건 저장 완료
[강북구] 11건 저장 완료
[도봉구] 17건 저장 완료
[노원구] 44건 저장 완료
[은평구] 28건 저장 완료
[서대문구] 22건 저장 완료
[마포구] 20건 저장 완료
[양천구] 16건 저장 완료
[강서구] 28건 저장 완료
[구로구] 40건 저장 완료
[금천구] 10건 저장 완료
[영등포구] 31건 저장 완료
[동작구] 21건 저장 완료
[관악구] 15건 저장 완료
[서초구] 17건 저장 완료
[강남구] 31건 저장 완료
[송파구] 45건 저장 완료
[강동구] 33건 저장 완료
[분당구] 31건 저장 완료
--- 202211 데이터 수집 시작 ---
[종로구] 11건 저장 완료
[중구] 9건 저장 완료
[용산구] 16건 저장 완료
[성동구] 10건 저장 완료
[광진구] 8건 저장 완료
[동대문구] 33건 저장 완료
[중랑구] 17건 저장 완료
[성북구] 37건 저장 완료
[강북구] 8건 저장 완료
[도봉구] 30건 저장 완료
[노원구] 48건 저장 완료
[은평구] 38건 저장 완료
[서대문구] 19건 저장 완료
[마포구] 20건 저장 완료
[양천구] 20건 저장 완료
[강서구] 42건 저장 완료
[구로구] 26건 저장 완료
[금천구] 147건 저장 완료
[영등포구] 38건 저장 완료
[동작구] 16건 저장 완료
[관악구] 14건 저장 완료
[서초구] 31건 저장 완료
[강남구] 38건 저장 완료
[송파구] 52건 저장 완료
[강동구] 40건 저장 완료
[분당구] 39건 저장 완료
--- 202212 데이터 수집 시작 ---
[종로구] 8건 저장 완료
[중구] 11건 저장 완료
[용산구] 10건 저장 완료
[성동구] 28건 저장 완료
[광진구] 59건 저장 완료
[동대문구] 29건 저장 완료
[중랑구] 17건 저장 완료
[성북구] 51건 저장 완료
[강북구] 82건 저장 완료
[도봉구] 23건 저장 완료
[노원구] 58건 저장 완료
[은평구] 31건 저장 완료
[서대문구] 26건 저장 완료
[마포구] 요청 실패: HTTPSConnectionPool(host='apis.data.go.kr', port=443): Read timed out. (read timeout=15)
[양천구] 30건 저장 완료
[강서구] 요청 실패: HTTPSConnectionPool(host='apis.data.go.kr', port=443): Read timed out. (read timeout=15)
[구로구] 27건 저장 완료
[금천구] 14건 저장 완료
[영등포구] 69건 저장 완료
[동작구] 25건 저장 완료
[관악구] 14건 저장 완료
[서초구] 31건 저장 완료
[강남구] 43건 저장 완료
[송파구] 89건 저장 완료
[강동구] 50건 저장 완료
[분당구] 58건 저장 완료
--- 202301 데이터 수집 시작 ---
[종로구] 7건 저장 완료
[중구] 17건 저장 완료
[용산구] 14건 저장 완료
[성동구] 44건 저장 완료
[광진구] 36건 저장 완료
[동대문구] 84건 저장 완료
[중랑구] 43건 저장 완료
[성북구] 103건 저장 완료
[강북구] 26건 저장 완료
[도봉구] 72건 저장 완료
[노원구] 134건 저장 완료
[은평구] 58건 저장 완료
[서대문구] 51건 저장 완료
[마포구] 55건 저장 완료
[양천구] 60건 저장 완료
[강서구] 53건 저장 완료
[구로구] 48건 저장 완료
[금천구] 16건 저장 완료
[영등포구] 58건 저장 완료
[동작구] 46건 저장 완료
[관악구] 32건 저장 완료
[서초구] 51건 저장 완료
[강남구] 108건 저장 완료
[송파구] 154건 저장 완료
[강동구] 127건 저장 완료
[분당구] 128건 저장 완료
--- 202302 데이터 수집 시작 ---
[종로구] 22건 저장 완료
[중구] 35건 저장 완료
[용산구] 23건 저장 완료
[성동구] 93건 저장 완료
[광진구] 48건 저장 완료
[동대문구] 114건 저장 완료
[중랑구] 60건 저장 완료
[성북구] 153건 저장 완료
[강북구] 38건 저장 완료
[도봉구] 107건 저장 완료
[노원구] 193건 저장 완료
[은평구] 97건 저장 완료
[서대문구] 93건 저장 완료
[마포구] 94건 저장 완료
[양천구] 116건 저장 완료
[강서구] 155건 저장 완료
[구로구] 97건 저장 완료
[금천구] 35건 저장 완료
[영등포구] 105건 저장 완료
[동작구] 68건 저장 완료
[관악구] 59건 저장 완료
[서초구] 88건 저장 완료
[강남구] 194건 저장 완료
[송파구] 260건 저장 완료
[강동구] 209건 저장 완료
[분당구] 300건 저장 완료
--- 202303 데이터 수집 시작 ---
[종로구] 23건 저장 완료
[중구] 32건 저장 완료
[용산구] 45건 저장 완료
[성동구] 116건 저장 완료
[광진구] 48건 저장 완료
[동대문구] 127건 저장 완료
[중랑구] 63건 저장 완료
[성북구] 159건 저장 완료
[강북구] 79건 저장 완료
[도봉구] 98건 저장 완료
[노원구] 194건 저장 완료
[은평구] 385건 저장 완료
[서대문구] 113건 저장 완료
[마포구] 127건 저장 완료
[양천구] 118건 저장 완료
[강서구] 151건 저장 완료
[구로구] 140건 저장 완료
[금천구] 54건 저장 완료
[영등포구] 133건 저장 완료
[동작구] 107건 저장 완료
[관악구] 63건 저장 완료
[서초구] 128건 저장 완료
[강남구] 189건 저장 완료
[송파구] 236건 저장 완료
[강동구] 182건 저장 완료
[분당구] 250건 저장 완료
--- 202304 데이터 수집 시작 ---
[종로구] 17건 저장 완료
[중구] 48건 저장 완료
[용산구] 45건 저장 완료
[성동구] 135건 저장 완료
[광진구] 64건 저장 완료
[동대문구] 155건 저장 완료
[중랑구] 115건 저장 완료
[성북구] 179건 저장 완료
[강북구] 53건 저장 완료
[도봉구] 89건 저장 완료
[노원구] 218건 저장 완료
[은평구] 155건 저장 완료
[서대문구] 119건 저장 완료
[마포구] 141건 저장 완료
[양천구] 152건 저장 완료
[강서구] 170건 저장 완료
[구로구] 159건 저장 완료
[금천구] 56건 저장 완료
[영등포구] 164건 저장 완료
[동작구] 112건 저장 완료
[관악구] 83건 저장 완료
[서초구] 161건 저장 완료
[강남구] 202건 저장 완료
[송파구] 288건 저장 완료
[강동구] 255건 저장 완료
[분당구] 359건 저장 완료
--- 202305 데이터 수집 시작 ---
[종로구] 34건 저장 완료
[중구] 54건 저장 완료
[용산구] 49건 저장 완료
[성동구] 160건 저장 완료
[광진구] 73건 저장 완료
[동대문구] 163건 저장 완료
[중랑구] 68건 저장 완료
[성북구] 187건 저장 완료
[강북구] 57건 저장 완료
[도봉구] 95건 저장 완료
[노원구] 239건 저장 완료
[은평구] 134건 저장 완료
[서대문구] 122건 저장 완료
[마포구] 175건 저장 완료
[양천구] 141건 저장 완료
[강서구] 183건 저장 완료
[구로구] 138건 저장 완료
[금천구] 40건 저장 완료
[영등포구] 192건 저장 완료
[동작구] 125건 저장 완료
[관악구] 108건 저장 완료
[서초구] 157건 저장 완료
[강남구] 270건 저장 완료
[송파구] 303건 저장 완료
[강동구] 223건 저장 완료
[분당구] 423건 저장 완료
--- 202306 데이터 수집 시작 ---
[종로구] 30건 저장 완료
[중구] 55건 저장 완료
[용산구] 69건 저장 완료
[성동구] 178건 저장 완료
[광진구] 67건 저장 완료
[동대문구] 190건 저장 완료
[중랑구] 149건 저장 완료
[성북구] 189건 저장 완료
[강북구] 129건 저장 완료
[도봉구] 115건 저장 완료
[노원구] 284건 저장 완료
[은평구] 129건 저장 완료
[서대문구] 132건 저장 완료
[마포구] 176건 저장 완료
[양천구] 178건 저장 완료
[강서구] 208건 저장 완료
[구로구] 140건 저장 완료
[금천구] 61건 저장 완료
[영등포구] 306건 저장 완료
[동작구] 137건 저장 완료
[관악구] 100건 저장 완료
[서초구] 192건 저장 완료
[강남구] 274건 저장 완료
[송파구] 300건 저장 완료
[강동구] 244건 저장 완료
[분당구] 397건 저장 완료
--- 202307 데이터 수집 시작 ---
[종로구] 22건 저장 완료
[중구] 68건 저장 완료
[용산구] 53건 저장 완료
[성동구] 207건 저장 완료
[광진구] 68건 저장 완료
[동대문구] 161건 저장 완료
[중랑구] 93건 저장 완료
[성북구] 187건 저장 완료
[강북구] 65건 저장 완료
[도봉구] 127건 저장 완료
[노원구] 294건 저장 완료
[은평구] 154건 저장 완료
[서대문구] 160건 저장 완료
[마포구] 189건 저장 완료
[양천구] 166건 저장 완료
[강서구] 156건 저장 완료
[구로구] 149건 저장 완료
[금천구] 67건 저장 완료
[영등포구] 181건 저장 완료
[동작구] 150건 저장 완료
[관악구] 105건 저장 완료
[서초구] 200건 저장 완료
[강남구] 246건 저장 완료
[송파구] 276건 저장 완료
[강동구] 214건 저장 완료
[분당구] 370건 저장 완료
--- 202308 데이터 수집 시작 ---
[종로구] 40건 저장 완료
[중구] 63건 저장 완료
[용산구] 65건 저장 완료
[성동구] 189건 저장 완료
[광진구] 84건 저장 완료
[동대문구] 147건 저장 완료
[중랑구] 74건 저장 완료
[성북구] 210건 저장 완료
[강북구] 191건 저장 완료
[도봉구] 117건 저장 완료
[노원구] 314건 저장 완료
[은평구] 166건 저장 완료
[서대문구] 166건 저장 완료
[마포구] 175건 저장 완료
[양천구] 192건 저장 완료
[강서구] 198건 저장 완료
[구로구] 161건 저장 완료
[금천구] 57건 저장 완료
[영등포구] 196건 저장 완료
[동작구] 140건 저장 완료
[관악구] 120건 저장 완료
[서초구] 204건 저장 완료
[강남구] 281건 저장 완료
[송파구] 271건 저장 완료
[강동구] 231건 저장 완료
[분당구] 313건 저장 완료
--- 202309 데이터 수집 시작 ---
[종로구] 48건 저장 완료
[중구] 57건 저장 완료
[용산구] 66건 저장 완료
[성동구] 175건 저장 완료
[광진구] 80건 저장 완료
[동대문구] 132건 저장 완료
[중랑구] 104건 저장 완료
[성북구] 188건 저장 완료
[강북구] 52건 저장 완료
[도봉구] 107건 저장 완료
[노원구] 264건 저장 완료
[은평구] 127건 저장 완료
[서대문구] 146건 저장 완료
[마포구] 144건 저장 완료
[양천구] 180건 저장 완료
[강서구] 198건 저장 완료
[구로구] 151건 저장 완료
[금천구] 56건 저장 완료
[영등포구] 184건 저장 완료
[동작구] 129건 저장 완료
[관악구] 112건 저장 완료
[서초구] 159건 저장 완료
[강남구] 207건 저장 완료
[송파구] 267건 저장 완료
[강동구] 187건 저장 완료
[분당구] 310건 저장 완료
--- 202310 데이터 수집 시작 ---
[종로구] 29건 저장 완료
[중구] 43건 저장 완료
[용산구] 64건 저장 완료
[성동구] 101건 저장 완료
[광진구] 43건 저장 완료
[동대문구] 93건 저장 완료
[중랑구] 73건 저장 완료
[성북구] 136건 저장 완료
[강북구] 87건 저장 완료
[도봉구] 86건 저장 완료
[노원구] 203건 저장 완료
[은평구] 102건 저장 완료
[서대문구] 76건 저장 완료
[마포구] 82건 저장 완료
[양천구] 109건 저장 완료
[강서구] 129건 저장 완료
[구로구] 122건 저장 완료
[금천구] 47건 저장 완료
[영등포구] 117건 저장 완료
[동작구] 97건 저장 완료
[관악구] 70건 저장 완료
[서초구] 92건 저장 완료
[강남구] 147건 저장 완료
[송파구] 153건 저장 완료
[강동구] 123건 저장 완료
[분당구] 160건 저장 완료
--- 202311 데이터 수집 시작 ---
[종로구] 24건 저장 완료
[중구] 43건 저장 완료
[용산구] 41건 저장 완료
[성동구] 84건 저장 완료
[광진구] 36건 저장 완료
[동대문구] 93건 저장 완료
[중랑구] 57건 저장 완료
[성북구] 154건 저장 완료
[강북구] 38건 저장 완료
[도봉구] 68건 저장 완료
[노원구] 159건 저장 완료
[은평구] 75건 저장 완료
[서대문구] 56건 저장 완료
[마포구] 68건 저장 완료
[양천구] 117건 저장 완료
[강서구] 106건 저장 완료
[구로구] 93건 저장 완료
[금천구] 34건 저장 완료
[영등포구] 91건 저장 완료
[동작구] 57건 저장 완료
[관악구] 46건 저장 완료
[서초구] 78건 저장 완료
[강남구] 120건 저장 완료
[송파구] 109건 저장 완료
[강동구] 87건 저장 완료
[분당구] 133건 저장 완료
--- 202312 데이터 수집 시작 ---
[종로구] 20건 저장 완료
[중구] 38건 저장 완료
[용산구] 33건 저장 완료
[성동구] 83건 저장 완료
[광진구] 53건 저장 완료
[동대문구] 73건 저장 완료
[중랑구] 59건 저장 완료
[성북구] 109건 저장 완료
[강북구] 40건 저장 완료
[도봉구] 52건 저장 완료
[노원구] 157건 저장 완료
[은평구] 63건 저장 완료
[서대문구] 74건 저장 완료
[마포구] 71건 저장 완료
[양천구] 87건 저장 완료
[강서구] 106건 저장 완료
[구로구] 84건 저장 완료
[금천구] 33건 저장 완료
[영등포구] 81건 저장 완료
[동작구] 82건 저장 완료
[관악구] 48건 저장 완료
[서초구] 75건 저장 완료
[강남구] 101건 저장 완료
[송파구] 140건 저장 완료
[강동구] 113건 저장 완료
[분당구] 134건 저장 완료
--- 202401 데이터 수집 시작 ---
[종로구] 20건 저장 완료
[중구] 42건 저장 완료
[용산구] 47건 저장 완료
[성동구] 123건 저장 완료
[광진구] 59건 저장 완료
[동대문구] 109건 저장 완료
[중랑구] 82건 저장 완료
[성북구] 138건 저장 완료
[강북구] 41건 저장 완료
[도봉구] 98건 저장 완료
[노원구] 193건 저장 완료
[은평구] 92건 저장 완료
[서대문구] 96건 저장 완료
[마포구] 125건 저장 완료
[양천구] 117건 저장 완료
[강서구] 140건 저장 완료
[구로구] 137건 저장 완료
[금천구] 45건 저장 완료
[영등포구] 117건 저장 완료
[동작구] 147건 저장 완료
[관악구] 74건 저장 완료
[서초구] 105건 저장 완료
[강남구] 195건 저장 완료
[송파구] 211건 저장 완료
[강동구] 140건 저장 완료
[분당구] 204건 저장 완료
--- 202402 데이터 수집 시작 ---
[종로구] 22건 저장 완료
[중구] 41건 저장 완료
[용산구] 62건 저장 완료
[성동구] 121건 저장 완료
[광진구] 66건 저장 완료
[동대문구] 128건 저장 완료
[중랑구] 68건 저장 완료
[성북구] 159건 저장 완료
[강북구] 45건 저장 완료
[도봉구] 84건 저장 완료
[노원구] 221건 저장 완료
[은평구] 113건 저장 완료
[서대문구] 86건 저장 완료
[마포구] 111건 저장 완료
[양천구] 147건 저장 완료
[강서구] 134건 저장 완료
[구로구] 118건 저장 완료
[금천구] 42건 저장 완료
[영등포구] 133건 저장 완료
[동작구] 109건 저장 완료
[관악구] 84건 저장 완료
[서초구] 111건 저장 완료
[강남구] 174건 저장 완료
[송파구] 185건 저장 완료
[강동구] 165건 저장 완료
[분당구] 225건 저장 완료
--- 202403 데이터 수집 시작 ---
[종로구] 32건 저장 완료
[중구] 79건 저장 완료
[용산구] 90건 저장 완료
[성동구] 234건 저장 완료
[광진구] 122건 저장 완료
[동대문구] 203건 저장 완료
[중랑구] 133건 저장 완료
[성북구] 223건 저장 완료
[강북구] 80건 저장 완료
[도봉구] 133건 저장 완료
[노원구] 304건 저장 완료
[은평구] 201건 저장 완료
[서대문구] 145건 저장 완료
[마포구] 221건 저장 완료
[양천구] 161건 저장 완료
[강서구] 255건 저장 완료
[구로구] 216건 저장 완료
[금천구] 63건 저장 완료
[영등포구] 201건 저장 완료
[동작구] 194건 저장 완료
[관악구] 128건 저장 완료
[서초구] 226건 저장 완료
[강남구] 242건 저장 완료
[송파구] 335건 저장 완료
[강동구] 245건 저장 완료
[분당구] 322건 저장 완료
--- 202404 데이터 수집 시작 ---
[종로구] 35건 저장 완료
[중구] 66건 저장 완료
[용산구] 79건 저장 완료
[성동구] 240건 저장 완료
[광진구] 80건 저장 완료
[동대문구] 196건 저장 완료
[중랑구] 138건 저장 완료
[성북구] 271건 저장 완료
[강북구] 66건 저장 완료
[도봉구] 145건 저장 완료
[노원구] 321건 저장 완료
[은평구] 190건 저장 완료
[서대문구] 187건 저장 완료
[마포구] 255건 저장 완료
[양천구] 156건 저장 완료
[강서구] 237건 저장 완료
[구로구] 221건 저장 완료
[금천구] 69건 저장 완료
[영등포구] 271건 저장 완료
[동작구] 195건 저장 완료
[관악구] 119건 저장 완료
[서초구] 227건 저장 완료
[강남구] 293건 저장 완료
[송파구] 360건 저장 완료
[강동구] 241건 저장 완료
[분당구] 357건 저장 완료
--- 202405 데이터 수집 시작 ---
[종로구] 63건 저장 완료
[중구] 69건 저장 완료
[용산구] 106건 저장 완료
[성동구] 299건 저장 완료
[광진구] 110건 저장 완료
[동대문구] 220건 저장 완료
[중랑구] 147건 저장 완료
[성북구] 262건 저장 완료
[강북구] 80건 저장 완료
[도봉구] 116건 저장 완료
[노원구] 355건 저장 완료
[은평구] 221건 저장 완료
[서대문구] 198건 저장 완료
[마포구] 278건 저장 완료
[양천구] 224건 저장 완료
[강서구] 261건 저장 완료
[구로구] 232건 저장 완료
[금천구] 58건 저장 완료
[영등포구] 273건 저장 완료
[동작구] 203건 저장 완료
[관악구] 136건 저장 완료
[서초구] 324건 저장 완료
[강남구] 328건 저장 완료
[송파구] 436건 저장 완료
[강동구] 322건 저장 완료
[분당구] 510건 저장 완료
--- 202406 데이터 수집 시작 ---
[종로구] 64건 저장 완료
[중구] 108건 저장 완료
[용산구] 163건 저장 완료
[성동구] 498건 저장 완료
[광진구] 294건 저장 완료
[동대문구] 331건 저장 완료
[중랑구] 210건 저장 완료
[성북구] 422건 저장 완료
[강북구] 106건 저장 완료
[도봉구] 177건 저장 완료
[노원구] 457건 저장 완료
[은평구] 278건 저장 완료
[서대문구] 329건 저장 완료
[마포구] 397건 저장 완료
[양천구] 278건 저장 완료
[강서구] 367건 저장 완료
[구로구] 255건 저장 완료
[금천구] 98건 저장 완료
[영등포구] 368건 저장 완료
[동작구] 347건 저장 완료
[관악구] 209건 저장 완료
[서초구] 495건 저장 완료
[강남구] 501건 저장 완료
[송파구] 610건 저장 완료
[강동구] 599건 저장 완료
[분당구] 847건 저장 완료
--- 202407 데이터 수집 시작 ---
[종로구] 60건 저장 완료
[중구] 136건 저장 완료
[용산구] 175건 저장 완료
[성동구] 434건 저장 완료
[광진구] 246건 저장 완료
[동대문구] 369건 저장 완료
[중랑구] 215건 저장 완료
[성북구] 479건 저장 완료
[강북구] 134건 저장 완료
[도봉구] 239건 저장 완료
[노원구] 743건 저장 완료
[은평구] 287건 저장 완료
[서대문구] 392건 저장 완료
[마포구] 438건 저장 완료
[양천구] 446건 저장 완료
[강서구] 446건 저장 완료
[구로구] 319건 저장 완료
[금천구] 110건 저장 완료
[영등포구] 474건 저장 완료
[동작구] 468건 저장 완료
[관악구] 226건 저장 완료
[서초구] 516건 저장 완료
[강남구] 596건 저장 완료
[송파구] 733건 저장 완료
[강동구] 585건 저장 완료
[분당구] 716건 저장 완료
--- 202408 데이터 수집 시작 ---
[종로구] 40건 저장 완료
[중구] 88건 저장 완료
[용산구] 124건 저장 완료
[성동구] 319건 저장 완료
[광진구] 129건 저장 완료
[동대문구] 290건 저장 완료
[중랑구] 201건 저장 완료
[성북구] 375건 저장 완료
[강북구] 118건 저장 완료
[도봉구] 188건 저장 완료
[노원구] 530건 저장 완료
[은평구] 217건 저장 완료
[서대문구] 232건 저장 완료
[마포구] 304건 저장 완료
[양천구] 380건 저장 완료
[강서구] 338건 저장 완료
[구로구] 223건 저장 완료
[금천구] 96건 저장 완료
[영등포구] 360건 저장 완료
[동작구] 253건 저장 완료
[관악구] 163건 저장 완료
[서초구] 326건 저장 완료
[강남구] 445건 저장 완료
[송파구] 469건 저장 완료
[강동구] 352건 저장 완료
[분당구] 418건 저장 완료
--- 202409 데이터 수집 시작 ---
[종로구] 30건 저장 완료
[중구] 48건 저장 완료
[용산구] 58건 저장 완료
[성동구] 128건 저장 완료
[광진구] 74건 저장 완료
[동대문구] 133건 저장 완료
[중랑구] 97건 저장 완료
[성북구] 191건 저장 완료
[강북구] 50건 저장 완료
[도봉구] 93건 저장 완료
[노원구] 256건 저장 완료
[은평구] 136건 저장 완료
[서대문구] 107건 저장 완료
[마포구] 134건 저장 완료
[양천구] 179건 저장 완료
[강서구] 147건 저장 완료
[구로구] 137건 저장 완료
[금천구] 35건 저장 완료
[영등포구] 205건 저장 완료
[동작구] 120건 저장 완료
[관악구] 85건 저장 완료
[서초구] 183건 저장 완료
[강남구] 224건 저장 완료
[송파구] 195건 저장 완료
[강동구] 152건 저장 완료
[분당구] 212건 저장 완료
--- 202410 데이터 수집 시작 ---
[종로구] 38건 저장 완료
[중구] 64건 저장 완료
[용산구] 73건 저장 완료
[성동구] 175건 저장 완료
[광진구] 73건 저장 완료
[동대문구] 158건 저장 완료
[중랑구] 115건 저장 완료
[성북구] 219건 저장 완료
[강북구] 88건 저장 완료
[도봉구] 143건 저장 완료
[노원구] 287건 저장 완료
[은평구] 132건 저장 완료
[서대문구] 150건 저장 완료
[마포구] 160건 저장 완료
[양천구] 172건 저장 완료
[강서구] 199건 저장 완료
[구로구] 182건 저장 완료
[금천구] 48건 저장 완료
[영등포구] 210건 저장 완료
[동작구] 167건 저장 완료
[관악구] 94건 저장 완료
[서초구] 214건 저장 완료
[강남구] 305건 저장 완료
[송파구] 258건 저장 완료
[강동구] 210건 저장 완료
[분당구] 310건 저장 완료
--- 202411 데이터 수집 시작 ---
[종로구] 40건 저장 완료
[중구] 54건 저장 완료
[용산구] 82건 저장 완료
[성동구] 160건 저장 완료
[광진구] 75건 저장 완료
[동대문구] 205건 저장 완료
[중랑구] 94건 저장 완료
[성북구] 151건 저장 완료
[강북구] 52건 저장 완료
[도봉구] 85건 저장 완료
[노원구] 308건 저장 완료
[은평구] 125건 저장 완료
[서대문구] 145건 저장 완료
[마포구] 164건 저장 완료
[양천구] 157건 저장 완료
[강서구] 163건 저장 완료
[구로구] 130건 저장 완료
[금천구] 44건 저장 완료
[영등포구] 179건 저장 완료
[동작구] 136건 저장 완료
[관악구] 93건 저장 완료
[서초구] 197건 저장 완료
[강남구] 259건 저장 완료
[송파구] 290건 저장 완료
[강동구] 171건 저장 완료
[분당구] 277건 저장 완료
--- 202412 데이터 수집 시작 ---
[종로구] 18건 저장 완료
[중구] 70건 저장 완료
[용산구] 51건 저장 완료
[성동구] 156건 저장 완료
[광진구] 75건 저장 완료
[동대문구] 154건 저장 완료
[중랑구] 89건 저장 완료
[성북구] 133건 저장 완료
[강북구] 45건 저장 완료
[도봉구] 90건 저장 완료
[노원구] 235건 저장 완료
[은평구] 96건 저장 완료
[서대문구] 253건 저장 완료
[마포구] 131건 저장 완료
[양천구] 145건 저장 완료
[강서구] 154건 저장 완료
[구로구] 126건 저장 완료
[금천구] 48건 저장 완료
[영등포구] 172건 저장 완료
[동작구] 161건 저장 완료
[관악구] 88건 저장 완료
[서초구] 181건 저장 완료
[강남구] 192건 저장 완료
[송파구] 274건 저장 완료
[강동구] 259건 저장 완료
[분당구] 227건 저장 완료
--- 202501 데이터 수집 시작 ---
[종로구] 26건 저장 완료
[중구] 77건 저장 완료
[용산구] 76건 저장 완료
[성동구] 185건 저장 완료
[광진구] 96건 저장 완료
[동대문구] 161건 저장 완료
[중랑구] 88건 저장 완료
[성북구] 195건 저장 완료
[강북구] 53건 저장 완료
[도봉구] 80건 저장 완료
[노원구] 218건 저장 완료
[은평구] 119건 저장 완료
[서대문구] 132건 저장 완료
[마포구] 169건 저장 완료
[양천구] 116건 저장 완료
[강서구] 180건 저장 완료
[구로구] 138건 저장 완료
[금천구] 41건 저장 완료
[영등포구] 203건 저장 완료
[동작구] 164건 저장 완료
[관악구] 93건 저장 완료
[서초구] 214건 저장 완료
[강남구] 222건 저장 완료
[송파구] 337건 저장 완료
[강동구] 206건 저장 완료
[분당구] 230건 저장 완료
--- 202502 데이터 수집 시작 ---
[종로구] 59건 저장 완료
[중구] 117건 저장 완료
[용산구] 165건 저장 완료
[성동구] 396건 저장 완료
[광진구] 164건 저장 완료
[동대문구] 270건 저장 완료
[중랑구] 138건 저장 완료
[성북구] 260건 저장 완료
[강북구] 97건 저장 완료
[도봉구] 122건 저장 완료
[노원구] 374건 저장 완료
[은평구] 165건 저장 완료
[서대문구] 215건 저장 완료
[마포구] 365건 저장 완료
[양천구] 225건 저장 완료
[강서구] 259건 저장 완료
[구로구] 226건 저장 완료
[금천구] 62건 저장 완료
[영등포구] 349건 저장 완료
[동작구] 312건 저장 완료
[관악구] 143건 저장 완료
[서초구] 542건 저장 완료
[강남구] 629건 저장 완료
[송파구] 743건 저장 완료
[강동구] 421건 저장 완료
[분당구] 496건 저장 완료
--- 202503 데이터 수집 시작 ---
[종로구] 90건 저장 완료
[중구] 178건 저장 완료
[용산구] 299건 저장 완료
[성동구] 680건 저장 완료
[광진구] 260건 저장 완료
[동대문구] 425건 저장 완료
[중랑구] 188건 저장 완료
[성북구] 454건 저장 완료
[강북구] 104건 저장 완료
[도봉구] 176건 저장 완료
[노원구] 601건 저장 완료
[은평구] 280건 저장 완료
[서대문구] 330건 저장 완료
[마포구] 588건 저장 완료
[양천구] 497건 저장 완료
[강서구] 462건 저장 완료
[구로구] 359건 저장 완료
[금천구] 98건 저장 완료
[영등포구] 565건 저장 완료
[동작구] 577건 저장 완료
[관악구] 261건 저장 완료
[서초구] 692건 저장 완료
[강남구] 917건 저장 완료
[송파구] 952건 저장 완료
[강동구] 660건 저장 완료
[분당구] 804건 저장 완료
--- 202504 데이터 수집 시작 ---
[종로구] 43건 저장 완료
[중구] 109건 저장 완료
[용산구] 43건 저장 완료
[성동구] 387건 저장 완료
[광진구] 177건 저장 완료
[동대문구] 347건 저장 완료
[중랑구] 148건 저장 완료
[성북구] 346건 저장 완료
[강북구] 102건 저장 완료
[도봉구] 157건 저장 완료
[노원구] 418건 저장 완료
[은평구] 198건 저장 완료
[서대문구] 269건 저장 완료
[마포구] 362건 저장 완료
[양천구] 328건 저장 완료
[강서구] 359건 저장 완료
[구로구] 280건 저장 완료
[금천구] 63건 저장 완료
[영등포구] 389건 저장 완료
[동작구] 390건 저장 완료
[관악구] 187건 저장 완료
[서초구] 62건 저장 완료
[강남구] 128건 저장 완료
[송파구] 138건 저장 완료
[강동구] 327건 저장 완료
[분당구] 543건 저장 완료
--- 202505 데이터 수집 시작 ---
[종로구] 61건 저장 완료
[중구] 127건 저장 완료
[용산구] 93건 저장 완료
[성동구] 592건 저장 완료
[광진구] 254건 저장 완료
[동대문구] 366건 저장 완료
[중랑구] 195건 저장 완료
[성북구] 476건 저장 완료
[강북구] 129건 저장 완료
[도봉구] 161건 저장 완료
[노원구] 570건 저장 완료
[은평구] 254건 저장 완료
[서대문구] 371건 저장 완료
[마포구] 476건 저장 완료
[양천구] 413건 저장 완료
[강서구] 508건 저장 완료
[구로구] 691건 저장 완료
[금천구] 78건 저장 완료
[영등포구] 532건 저장 완료
[동작구] 528건 저장 완료
[관악구] 231건 저장 완료
[서초구] 175건 저장 완료
[강남구] 290건 저장 완료
[송파구] 415건 저장 완료
[강동구] 577건 저장 완료
[분당구] 897건 저장 완료
--- 202506 데이터 수집 시작 ---
[종로구] 107건 저장 완료
[중구] 216건 저장 완료
[용산구] 169건 저장 완료
[성동구] 859건 저장 완료
[광진구] 356건 저장 완료
[동대문구] 574건 저장 완료
[중랑구] 312건 저장 완료
[성북구] 660건 저장 완료
[강북구] 179건 저장 완료
[도봉구] 308건 저장 완료
[노원구] 885건 저장 완료
[은평구] 419건 저장 완료
[서대문구] 578건 저장 완료
[마포구] 741건 저장 완료
[양천구] 597건 저장 완료
[강서구] 605건 저장 완료
[구로구] 495건 저장 완료
[금천구] 141건 저장 완료
[영등포구] 769건 저장 완료
[동작구] 663건 저장 완료
[관악구] 310건 저장 완료
[서초구] 384건 저장 완료
[강남구] 610건 저장 완료
[송파구] 688건 저장 완료
[강동구] 988건 저장 완료
[분당구] 1431건 저장 완료
--- 202507 데이터 수집 시작 ---
[종로구] 40건 저장 완료
[중구] 57건 저장 완료
[용산구] 152건 저장 완료
[성동구] 121건 저장 완료
[광진구] 82건 저장 완료
[동대문구] 203건 저장 완료
[중랑구] 137건 저장 완료
[성북구] 232건 저장 완료
[강북구] 87건 저장 완료
[도봉구] 148건 저장 완료
[노원구] 342건 저장 완료
[은평구] 215건 저장 완료
[서대문구] 135건 저장 완료
[마포구] 141건 저장 완료
[양천구] 199건 저장 완료
[강서구] 270건 저장 완료
[구로구] 219건 저장 완료
[금천구] 63건 저장 완료
[영등포구] 257건 저장 완료
[동작구] 148건 저장 완료
[관악구] 151건 저장 완료
[서초구] 234건 저장 완료
[강남구] 376건 저장 완료
[송파구] 412건 저장 완료
[강동구] 214건 저장 완료
[분당구] 251건 저장 완료
--- 202508 데이터 수집 시작 ---
[종로구] 43건 저장 완료
[중구] 71건 저장 완료
[용산구] 148건 저장 완료
[성동구] 233건 저장 완료
[광진구] 106건 저장 완료
[동대문구] 234건 저장 완료
[중랑구] 134건 저장 완료
[성북구] 362건 저장 완료
[강북구] 94건 저장 완료
[도봉구] 144건 저장 완료
[노원구] 384건 저장 완료
[은평구] 218건 저장 완료
[서대문구] 161건 저장 완료
[마포구] 193건 저장 완료
[양천구] 131건 저장 완료
[강서구] 286건 저장 완료
[구로구] 228건 저장 완료
[금천구] 74건 저장 완료
[영등포구] 245건 저장 완료
[동작구] 215건 저장 완료
[관악구] 149건 저장 완료
[서초구] 108건 저장 완료
[강남구] 128건 저장 완료
[송파구] 165건 저장 완료
[강동구] 360건 저장 완료
[분당구] 368건 저장 완료
--- 202509 데이터 수집 시작 ---
[종로구] 68건 저장 완료
[중구] 162건 저장 완료
[용산구] 147건 저장 완료
[성동구] 591건 저장 완료
[광진구] 306건 저장 완료
[동대문구] 506건 저장 완료
[중랑구] 309건 저장 완료
[성북구] 545건 저장 완료
[강북구] 120건 저장 완료
[도봉구] 200건 저장 완료
[노원구] 591건 저장 완료
[은평구] 317건 저장 완료
[서대문구] 367건 저장 완료
[마포구] 551건 저장 완료
[양천구] 373건 저장 완료
[강서구] 606건 저장 완료
[구로구] 350건 저장 완료
[금천구] 85건 저장 완료
[영등포구] 500건 저장 완료
[동작구] 497건 저장 완료
[관악구] 303건 저장 완료
[서초구] 125건 저장 완료
[강남구] 233건 저장 완료
[송파구] 391건 저장 완료
[강동구] 840건 저장 완료
[분당구] 1096건 저장 완료
--- 202510 데이터 수집 시작 ---
[종로구] 89건 저장 완료
[중구] 146건 저장 완료
[용산구] 124건 저장 완료
[성동구] 392건 저장 완료
[광진구] 275건 저장 완료
[동대문구] 546건 저장 완료
[중랑구] 254건 저장 완료
[성북구] 514건 저장 완료
[강북구] 123건 저장 완료
[도봉구] 159건 저장 완료
[노원구] 665건 저장 완료
[은평구] 381건 저장 완료
[서대문구] 414건 저장 완료
[마포구] 440건 저장 완료
[양천구] 436건 저장 완료
[강서구] 604건 저장 완료
[구로구] 348건 저장 완료
[금천구] 95건 저장 완료
[영등포구] 460건 저장 완료
[동작구] 429건 저장 완료
[관악구] 298건 저장 완료
[서초구] 227건 저장 완료
[강남구] 311건 저장 완료
[송파구] 628건 저장 완료
[강동구] 589건 저장 완료
[분당구] 670건 저장 완료
--- 202511 데이터 수집 시작 ---
[종로구] 25건 저장 완료
[중구] 34건 저장 완료
[용산구] 115건 저장 완료
[성동구] 68건 저장 완료
[광진구] 38건 저장 완료
[동대문구] 146건 저장 완료
[중랑구] 101건 저장 완료
[성북구] 207건 저장 완료
[강북구] 73건 저장 완료
[도봉구] 101건 저장 완료
[노원구] 235건 저장 완료
[은평구] 189건 저장 완료
[서대문구] 143건 저장 완료
[마포구] 96건 저장 완료
[양천구] 164건 저장 완료
[강서구] 189건 저장 완료
[구로구] 165건 저장 완료
[금천구] 53건 저장 완료
[영등포구] 109건 저장 완료
[동작구] 83건 저장 완료
[관악구] 103건 저장 완료
[서초구] 237건 저장 완료
[강남구] 285건 저장 완료
[송파구] 449건 저장 완료
[강동구] 116건 저장 완료
[분당구] 91건 저장 완료
--- 202512 데이터 수집 시작 ---
[종로구] 44건 저장 완료
[중구] 78건 저장 완료
[용산구] 64건 저장 완료
[성동구] 206건 저장 완료
[광진구] 68건 저장 완료
[동대문구] 286건 저장 완료
[중랑구] 154건 저장 완료
[성북구] 328건 저장 완료
[강북구] 117건 저장 완료
[도봉구] 144건 저장 완료
[노원구] 514건 저장 완료
[은평구] 220건 저장 완료
[서대문구] 242건 저장 완료
[마포구] 146건 저장 완료
[양천구] 220건 저장 완료
[강서구] 316건 저장 완료
[구로구] 284건 저장 완료
[금천구] 83건 저장 완료
[영등포구] 237건 저장 완료
[동작구] 146건 저장 완료
[관악구] 167건 저장 완료
[서초구] 146건 저장 완료
[강남구] 187건 저장 완료
[송파구] 319건 저장 완료
[강동구] 215건 저장 완료
[분당구] 276건 저장 완료
--- 202601 데이터 수집 시작 ---
[종로구] 46건 저장 완료
[중구] 79건 저장 완료
[용산구] 89건 저장 완료
[성동구] 135건 저장 완료
[광진구] 69건 저장 완료
[동대문구] 298건 저장 완료
[중랑구] 196건 저장 완료
[성북구] 366건 저장 완료
[강북구] 125건 저장 완료
[도봉구] 170건 저장 완료
[노원구] 533건 저장 완료
[은평구] 274건 저장 완료
[서대문구] 266건 저장 완료
[마포구] 167건 저장 완료
[양천구] 242건 저장 완료
[강서구] 380건 저장 완료
[구로구] 309건 저장 완료
[금천구] 119건 저장 완료
[영등포구] 270건 저장 완료
[동작구] 206건 저장 완료
[관악구] 198건 저장 완료
[서초구] 158건 저장 완료
[강남구] 217건 저장 완료
[송파구] 342건 저장 완료
[강동구] 282건 저장 완료
[분당구] 368건 저장 완료
--- 202602 데이터 수집 시작 ---
[종로구] 52건 저장 완료
[중구] 65건 저장 완료
[용산구] 99건 저장 완료
[성동구] 120건 저장 완료
[광진구] 79건 저장 완료
[동대문구] 243건 저장 완료
[중랑구] 207건 저장 완료
[성북구] 409건 저장 완료
[강북구] 159건 저장 완료
[도봉구] 198건 저장 완료
[노원구] 820건 저장 완료
[은평구] 344건 저장 완료
[서대문구] 227건 저장 완료
[마포구] 155건 저장 완료
[양천구] 255건 저장 완료
[강서구] 404건 저장 완료
[구로구] 372건 저장 완료
[금천구] 105건 저장 완료
[영등포구] 322건 저장 완료
[동작구] 195건 저장 완료
[관악구] 225건 저장 완료
[서초구] 149건 저장 완료
[강남구] 160건 저장 완료
[송파구] 296건 저장 완료
[강동구] 300건 저장 완료
[분당구] 282건 저장 완료
--- 202603 데이터 수집 시작 ---
[종로구] 53건 저장 완료
[중구] 102건 저장 완료
[용산구] 77건 저장 완료
[성동구] 113건 저장 완료
[광진구] 65건 저장 완료
[동대문구] 239건 저장 완료
[중랑구] 235건 저장 완료
[성북구] 352건 저장 완료
[강북구] 142건 저장 완료
[도봉구] 254건 저장 완료
[노원구] 759건 저장 완료
[은평구] 318건 저장 완료
[서대문구] 242건 저장 완료
[마포구] 158건 저장 완료
[양천구] 207건 저장 완료
[강서구] 361건 저장 완료
[구로구] 375건 저장 완료
[금천구] 115건 저장 완료
[영등포구] 268건 저장 완료
[동작구] 175건 저장 완료
[관악구] 220건 저장 완료
[서초구] 136건 저장 완료
[강남구] 174건 저장 완료
[송파구] 278건 저장 완료
[강동구] 236건 저장 완료
[분당구] 243건 저장 완료
--- 202604 데이터 수집 시작 ---
[종로구] 85건 저장 완료
[중구] 126건 저장 완료
[용산구] 128건 저장 완료
[성동구] 221건 저장 완료
[광진구] 126건 저장 완료
[동대문구] 375건 저장 완료
[중랑구] 389건 저장 완료
[성북구] 496건 저장 완료
[강북구] 204건 저장 완료
[도봉구] 396건 저장 완료
[노원구] 1028건 저장 완료
[은평구] 342건 저장 완료
[서대문구] 322건 저장 완료
[마포구] 217건 저장 완료
[양천구] 280건 저장 완료
[강서구] 608건 저장 완료
[구로구] 468건 저장 완료
[금천구] 154건 저장 완료
[영등포구] 391건 저장 완료
[동작구] 311건 저장 완료
[관악구] 298건 저장 완료
[서초구] 286건 저장 완료
[강남구] 388건 저장 완료
[송파구] 575건 저장 완료
[강동구] 379건 저장 완료
[분당구] 515건 저장 완료
--- 202605 데이터 수집 시작 ---
[종로구] 58건 저장 완료
[중구] 66건 저장 완료
[용산구] 59건 저장 완료
[성동구] 105건 저장 완료
[광진구] 125건 저장 완료
[동대문구] 207건 저장 완료
[중랑구] 224건 저장 완료
[성북구] 295건 저장 완료
[강북구] 118건 저장 완료
[도봉구] 210건 저장 완료
[노원구] 509건 저장 완료
[은평구] 266건 저장 완료
[서대문구] 178건 저장 완료
[마포구] 122건 저장 완료
[양천구] 190건 저장 완료
[강서구] 323건 저장 완료
[구로구] 429건 저장 완료
[금천구] 99건 저장 완료
[영등포구] 170건 저장 완료
[동작구] 182건 저장 완료
[관악구] 256건 저장 완료
[서초구] 152건 저장 완료
[강남구] 212건 저장 완료
[송파구] 303건 저장 완료
[강동구] 124건 저장 완료
[분당구] 332건 저장 완료
--- 202606 데이터 수집 시작 ---
[종로구] 0건 저장 완료
[중구] 0건 저장 완료
[용산구] 0건 저장 완료
[성동구] 0건 저장 완료
[광진구] 0건 저장 완료
[동대문구] 0건 저장 완료
[중랑구] 0건 저장 완료
[성북구] 0건 저장 완료
[강북구] 1건 저장 완료
[도봉구] 0건 저장 완료
[노원구] 0건 저장 완료
[은평구] 0건 저장 완료
[서대문구] 0건 저장 완료
[마포구] 0건 저장 완료
[양천구] 0건 저장 완료
[강서구] 0건 저장 완료
[구로구] 0건 저장 완료
[금천구] 0건 저장 완료
[영등포구] 0건 저장 완료
[동작구] 0건 저장 완료
[관악구] 0건 저장 완료
[서초구] 0건 저장 완료
[강남구] 0건 저장 완료
[송파구] 0건 저장 완료
[강동구] 1건 저장 완료
[분당구] 3건 저장 완료
데이터 수집 완료!
